PROC main
  i32.load r0 2
  i32.add r0 4
  i32.load r0 2
  i32.sub r0 4
  i32.load r0 2
  i32.mul r0 -4
  u32.mul r0 4
  i32.load r0 2
  i32.div r0 -4
  u32.div r0 4
  halt
END
